...                                                                      [100%]
3 passed in 3.93s
